// Jest Snapshot v1, https://goo.gl/fbAQLP

exports[`Correct routes are exported 1`] = `
[
  "undefined: /",
]
`;
